#-----------------------------------------------------------
# Vivado v2024.1 (64-bit)
# SW Build 5076996 on Wed May 22 18:37:14 MDT 2024
# IP Build 5075265 on Wed May 22 21:45:21 MDT 2024
# SharedData Build 5076995 on Wed May 22 18:29:18 MDT 2024
# Start of session at: Thu Sep 12 16:46:24 2024
# Process ID: 14376
# Current directory: C:/Users/USER/Documents/contador_decimal/contador_decimal.runs/impl_1
# Command line: vivado.exe -log top.vdi -applog -product Vivado -messageDb vivado.pb -mode batch -source top.tcl -notrace
# Log file: C:/Users/USER/Documents/contador_decimal/contador_decimal.runs/impl_1/top.vdi
# Journal file: C:/Users/USER/Documents/contador_decimal/contador_decimal.runs/impl_1\vivado.jou
# Running On        :GUSTAVO-GAMER
# Platform          :Windows Server 2016 or Windows 10
# Operating System  :19045
# Processor Detail  :Intel(R) Core(TM) i7-4790 CPU @ 3.60GHz
# CPU Frequency     :3592 MHz
# CPU Physical cores:4
# CPU Logical cores :8
# Host memory       :17131 MB
# Swap memory       :5242 MB
# Total Virtual     :22374 MB
# Available Virtual :10018 MB
#-----------------------------------------------------------
source top.tcl -notrace
